PHPUnit 11.5.46 by Sebastian Bergmann and contributors.

Runtime:       PHP 8.2.12
Configuration: D:\tehnicki-pregled\phpunit.xml

F                                                                   1 / 1 (100%)

Time: 00:00.466, Memory: 42.00 MB

There was 1 failure:

1) Tests\Feature\Http\Controllers\VoziloControllerTest::update_redirects
Failed asserting that two strings are equal.

The following errors occurred during the last request:

The godina field must be at least 1900.

--- Expected
+++ Actual
@@ @@
-'http://localhost/admin/vozila'
+'http://localhost'

D:\tehnicki-pregled\vendor\laravel\framework\src\Illuminate\Testing\TestResponseAssert.php:45
D:\tehnicki-pregled\vendor\laravel\framework\src\Illuminate\Testing\TestResponse.php:431
D:\tehnicki-pregled\vendor\laravel\framework\src\Illuminate\Testing\TestResponse.php:205
D:\tehnicki-pregled\tests\Feature\Http\Controllers\VoziloControllerTest.php:108

FAILURES!
Tests: 1, Assertions: 2, Failures: 1.
